D:/Projects/FP-AI-VISION1_V3.1.0/Projects/STM32H747I-DISCO/Applications/Common/CM7/Src/fp_vision_ai.c:143:6:AI_Init	32	static,ignoring_inline_asm
D:/Projects/FP-AI-VISION1_V3.1.0/Projects/STM32H747I-DISCO/Applications/Common/CM7/Src/fp_vision_ai.c:171:6:AI_Run	0	static
D:/Projects/FP-AI-VISION1_V3.1.0/Projects/STM32H747I-DISCO/Applications/Common/CM7/Src/fp_vision_ai.c:182:6:AI_PixelValueConversion	16	static
D:/Projects/FP-AI-VISION1_V3.1.0/Projects/STM32H747I-DISCO/Applications/Common/CM7/Src/fp_vision_ai.c:216:6:AI_PixelValueConversion_QuantizedNN	0	static
D:/Projects/FP-AI-VISION1_V3.1.0/Projects/STM32H747I-DISCO/Applications/Common/CM7/Src/fp_vision_ai.c:246:6:AI_PixelValueConversion_FloatNN	0	static
D:/Projects/FP-AI-VISION1_V3.1.0/Projects/STM32H747I-DISCO/Applications/Common/CM7/Src/fp_vision_ai.c:280:6:AI_Output_Dequantize	16	static
D:/Projects/FP-AI-VISION1_V3.1.0/Projects/STM32H747I-DISCO/Applications/Common/CM7/Src/fp_vision_ai.c:348:6:AI_Softmax	32	static
D:/Projects/FP-AI-VISION1_V3.1.0/Projects/STM32H747I-DISCO/Applications/Common/CM7/Src/fp_vision_ai.c:378:6:AI_Deinit	0	static
