D:/Projects/FP-AI-VISION1_V3.1.0/Projects/STM32H747I-DISCO/Applications/Common/CM7/Src/fp_vision_camera.c:451:13:DCMI_MDMAError	0	static
D:/Projects/FP-AI-VISION1_V3.1.0/Projects/STM32H747I-DISCO/Applications/Common/CM7/Src/fp_vision_camera.c:430:13:DCMI_DMAError	0	static
D:/Projects/FP-AI-VISION1_V3.1.0/Projects/STM32H747I-DISCO/Applications/Common/CM7/Src/fp_vision_camera.c:376:13:DCMI_DMALineXferCplt	24	static
D:/Projects/FP-AI-VISION1_V3.1.0/Projects/STM32H747I-DISCO/Applications/Common/CM7/Src/fp_vision_camera.c:396:13:DCMI_MDMAFrameXferCplt	0	static
D:/Projects/FP-AI-VISION1_V3.1.0/Projects/STM32H747I-DISCO/Applications/Common/CM7/Src/fp_vision_camera.c:45:6:CAMERA_Context_Init	0	static
D:/Projects/FP-AI-VISION1_V3.1.0/Projects/STM32H747I-DISCO/Applications/Common/CM7/Src/fp_vision_camera.c:58:6:CAMERA_Init	32	static
D:/Projects/FP-AI-VISION1_V3.1.0/Projects/STM32H747I-DISCO/Applications/Common/CM7/Src/fp_vision_camera.c:154:6:CAMERA_Set_MirrorFlip	8	static
D:/Projects/FP-AI-VISION1_V3.1.0/Projects/STM32H747I-DISCO/Applications/Common/CM7/Src/fp_vision_camera.c:168:6:CAMERA_Enable_TestBar_Mode	16	static
D:/Projects/FP-AI-VISION1_V3.1.0/Projects/STM32H747I-DISCO/Applications/Common/CM7/Src/fp_vision_camera.c:198:6:CAMERA_Disable_TestBar_Mode	16	static
D:/Projects/FP-AI-VISION1_V3.1.0/Projects/STM32H747I-DISCO/Applications/Common/CM7/Src/fp_vision_camera.c:231:6:BSP_CAMERA_FrameEventCallback	16	static,ignoring_inline_asm
D:/Projects/FP-AI-VISION1_V3.1.0/Projects/STM32H747I-DISCO/Applications/Common/CM7/Src/fp_vision_camera.c:261:6:BSP_CAMERA_VsyncEventCallback	16	static,ignoring_inline_asm
D:/Projects/FP-AI-VISION1_V3.1.0/Projects/STM32H747I-DISCO/Applications/Common/CM7/Src/fp_vision_camera.c:294:6:BSP_CAMERA_ErrorCallback	0	static
D:/Projects/FP-AI-VISION1_V3.1.0/Projects/STM32H747I-DISCO/Applications/Common/CM7/Src/fp_vision_camera.c:313:19:HAL_DCMIEx_Start_DMA_MDMA	24	static
