D:/Projects/FP-AI-VISION1_V3.1.0/Projects/STM32H747I-DISCO/Applications/PersonDetection/MobileNetv2_Model/CM7/Src/stm32h7xx_hal_msp.c:29:6:HAL_MspInit	0	static
D:/Projects/FP-AI-VISION1_V3.1.0/Projects/STM32H747I-DISCO/Applications/PersonDetection/MobileNetv2_Model/CM7/Src/stm32h7xx_hal_msp.c:36:6:HAL_MspDeInit	0	static
D:/Projects/FP-AI-VISION1_V3.1.0/Projects/STM32H747I-DISCO/Applications/PersonDetection/MobileNetv2_Model/CM7/Src/stm32h7xx_hal_msp.c:45:6:HAL_RNG_MspInit	208	static
D:/Projects/FP-AI-VISION1_V3.1.0/Projects/STM32H747I-DISCO/Applications/PersonDetection/MobileNetv2_Model/CM7/Src/stm32h7xx_hal_msp.c:65:6:HAL_RNG_MspDeInit	0	static
D:/Projects/FP-AI-VISION1_V3.1.0/Projects/STM32H747I-DISCO/Applications/PersonDetection/MobileNetv2_Model/CM7/Src/stm32h7xx_hal_msp.c:84:6:HAL_UART_MspInit	272	static
D:/Projects/FP-AI-VISION1_V3.1.0/Projects/STM32H747I-DISCO/Applications/PersonDetection/MobileNetv2_Model/CM7/Src/stm32h7xx_hal_msp.c:188:6:HAL_UART_MspDeInit	8	static
D:/Projects/FP-AI-VISION1_V3.1.0/Projects/STM32H747I-DISCO/Applications/PersonDetection/MobileNetv2_Model/CM7/Src/stm32h7xx_hal_msp.c:240:6:HAL_TIM_PWM_MspInit	8	static
D:/Projects/FP-AI-VISION1_V3.1.0/Projects/STM32H747I-DISCO/Applications/PersonDetection/MobileNetv2_Model/CM7/Src/stm32h7xx_hal_msp.c:262:6:HAL_TIM_Base_MspInit	8	static
D:/Projects/FP-AI-VISION1_V3.1.0/Projects/STM32H747I-DISCO/Applications/PersonDetection/MobileNetv2_Model/CM7/Src/stm32h7xx_hal_msp.c:278:6:HAL_TIM_MspPostInit	40	static
D:/Projects/FP-AI-VISION1_V3.1.0/Projects/STM32H747I-DISCO/Applications/PersonDetection/MobileNetv2_Model/CM7/Src/stm32h7xx_hal_msp.c:331:6:HAL_TIM_PWM_MspDeInit	0	static
D:/Projects/FP-AI-VISION1_V3.1.0/Projects/STM32H747I-DISCO/Applications/PersonDetection/MobileNetv2_Model/CM7/Src/stm32h7xx_hal_msp.c:353:6:HAL_TIM_Base_MspDeInit	0	static
